---
source: tests/exit.rs
info:
  program: skribi
  args:
    - build
    - resources/test_programs/fixed_exit.skrb
---
success: true
exit_code: 0
----- stdout -----

----- stderr -----
[WARN  skribi::source] Warning:   ⚠ Found deprecated parsing features
       ╭─[resources/test_programs/fixed_exit.skrb:1:1]
     1 │ skr_app exit()
       · ───┬───
       ·    ╰── skr_app should not be used
     2 │ exit()exit()
     3 │ exit() skr_app
       ·        ───┬───
       ·           ╰── skr_app should not be used
     4 │ exit ()
       ╰────
        ╭─[resources/test_programs/fixed_exit.skrb:10:1]
      9 │ )
     10 │ skr_app skr_app
        · ───┬─── ───┬───
        ·    │       ╰── skr_app should not be used
        ·    ╰── skr_app should not be used
     11 │ exit()
        ╰────
    
[WARN  skribi::source] Warning:   ⚠ Found unreachable statements
        ╭─[resources/test_programs/fixed_exit.skrb:1:9]
      1 │     skr_app exit()
        ·             ───┬──
        ·                ╰── This statement makes the following unreachable
      2 │ ╭─▶ exit()exit()
      3 │ │   exit() skr_app
      4 │ │   exit ()
      5 │ │   (
      6 │ │   (
      7 │ │   (exit())
      8 │ │   )
      9 │ │   )
     10 │ │   skr_app skr_app
     11 │ ├─▶ exit()
        · ╰──── This code is unreachable, it has been pruned
        ╰────
    
warning: overriding the module target triple with x86_64-unknown-linux-gnu [-Woverride-module]
1 warning generated.
